// Jest Snapshot v1, https://goo.gl/fbAQLP

exports[`symbol properties are reordered despite serialization 1`] = `
"  {
    [Symbol(s1)]: 1,
    [Symbol(s2)]: 2,
  }"
`;

exports[`symbol properties are reordered despite serialization 2`] = `
"  {
    [Symbol(s1)]: 1,
    [Symbol(s2)]: 2,
  }"
`;
